0 verbose cli /Users/absaad/.nvm/versions/node/v22.16.0/bin/node /Users/absaad/.nvm/versions/node/v22.16.0/bin/npm
1 info using npm@10.9.2
2 info using node@v22.16.0
3 silly config load:file:/Users/absaad/.nvm/versions/node/v22.16.0/lib/node_modules/npm/npmrc
4 silly config load:file:/Users/absaad/Desktop/todo-api/.npmrc
5 silly config load:file:/Users/absaad/.npmrc
6 silly config load:file:/Users/absaad/.nvm/versions/node/v22.16.0/etc/npmrc
7 verbose title npm install sqlite3
8 verbose argv "install" "sqlite3"
9 verbose logfile logs-max:10 dir:/Users/absaad/Desktop/todo-api/.npm-cache/_logs/2026-05-12T12_15_33_907Z-
10 verbose logfile /Users/absaad/Desktop/todo-api/.npm-cache/_logs/2026-05-12T12_15_33_907Z-debug-0.log
11 silly logfile done cleaning log files
12 silly packumentCache heap:4345298944 maxSize:1086324736 maxEntrySize:543162368
13 silly idealTree buildDeps
14 silly fetch manifest sqlite3@*
15 silly packumentCache full:https://registry.npmjs.org/sqlite3 cache-miss
16 http fetch GET 200 https://registry.npmjs.org/sqlite3 183ms (cache miss)
17 silly packumentCache full:https://registry.npmjs.org/sqlite3 set size:undefined disposed:false
18 silly placeDep ROOT sqlite3@6.0.1 OK for: todo-api@1.0.0 want: *
19 silly fetch manifest bindings@^1.5.0
20 silly packumentCache full:https://registry.npmjs.org/bindings cache-miss
21 silly fetch manifest node-addon-api@^8.0.0
22 silly packumentCache full:https://registry.npmjs.org/node-addon-api cache-miss
23 silly fetch manifest prebuild-install@^7.1.3
24 silly packumentCache full:https://registry.npmjs.org/prebuild-install cache-miss
25 silly fetch manifest tar@^7.5.10
26 silly packumentCache full:https://registry.npmjs.org/tar cache-miss
27 silly fetch manifest node-gyp@12.x
28 silly packumentCache full:https://registry.npmjs.org/node-gyp cache-miss
29 http fetch GET 200 https://registry.npmjs.org/bindings 47ms (cache miss)
30 silly packumentCache full:https://registry.npmjs.org/bindings set size:undefined disposed:false
31 http fetch GET 200 https://registry.npmjs.org/prebuild-install 164ms (cache miss)
32 silly packumentCache full:https://registry.npmjs.org/prebuild-install set size:undefined disposed:false
33 http fetch GET 200 https://registry.npmjs.org/node-addon-api 174ms (cache miss)
34 silly packumentCache full:https://registry.npmjs.org/node-addon-api set size:undefined disposed:false
35 http fetch GET 200 https://registry.npmjs.org/node-gyp 192ms (cache miss)
36 silly packumentCache full:https://registry.npmjs.org/node-gyp set size:undefined disposed:false
37 http fetch GET 200 https://registry.npmjs.org/tar 201ms (cache miss)
38 silly packumentCache full:https://registry.npmjs.org/tar set size:undefined disposed:false
39 silly placeDep ROOT bindings@1.5.0 OK for: sqlite3@6.0.1 want: ^1.5.0
40 silly placeDep ROOT node-addon-api@8.7.0 OK for: sqlite3@6.0.1 want: ^8.0.0
41 silly placeDep ROOT node-gyp@12.3.0 OK for: sqlite3@6.0.1 want: 12.x
42 silly placeDep ROOT prebuild-install@7.1.3 OK for: sqlite3@6.0.1 want: ^7.1.3
43 silly placeDep ROOT tar@7.5.15 OK for: sqlite3@6.0.1 want: ^7.5.10
44 silly fetch manifest file-uri-to-path@1.0.0
45 silly packumentCache full:https://registry.npmjs.org/file-uri-to-path cache-miss
46 silly fetch manifest env-paths@^2.2.0
47 silly packumentCache full:https://registry.npmjs.org/env-paths cache-miss
48 silly fetch manifest exponential-backoff@^3.1.1
49 silly packumentCache full:https://registry.npmjs.org/exponential-backoff cache-miss
50 silly fetch manifest nopt@^9.0.0
51 silly packumentCache full:https://registry.npmjs.org/nopt cache-miss
52 silly fetch manifest proc-log@^6.0.0
53 silly packumentCache full:https://registry.npmjs.org/proc-log cache-miss
54 silly fetch manifest tar@^7.5.4
55 silly packumentCache full:https://registry.npmjs.org/tar cache-miss
56 silly fetch manifest tinyglobby@^0.2.12
57 silly packumentCache full:https://registry.npmjs.org/tinyglobby cache-miss
58 silly fetch manifest undici@^6.25.0
59 silly packumentCache full:https://registry.npmjs.org/undici cache-miss
60 silly fetch manifest which@^6.0.0
61 silly packumentCache full:https://registry.npmjs.org/which cache-miss
62 http cache https://registry.npmjs.org/tar 9ms (cache hit)
63 silly packumentCache full:https://registry.npmjs.org/tar set size:544656 disposed:false
64 silly fetch manifest rc@^1.2.7
65 silly packumentCache full:https://registry.npmjs.org/rc cache-miss
66 http cache https://registry.npmjs.org/which 11ms (cache hit)
67 silly packumentCache full:https://registry.npmjs.org/which set size:70143 disposed:false
68 silly fetch manifest pump@^3.0.0
69 silly packumentCache full:https://registry.npmjs.org/pump cache-miss
70 http fetch GET 200 https://registry.npmjs.org/proc-log 50ms (cache miss)
71 silly packumentCache full:https://registry.npmjs.org/proc-log set size:undefined disposed:false
72 silly fetch manifest tar-fs@^2.0.0
73 silly packumentCache full:https://registry.npmjs.org/tar-fs cache-miss
74 http fetch GET 200 https://registry.npmjs.org/env-paths 52ms (cache miss)
75 silly packumentCache full:https://registry.npmjs.org/env-paths set size:undefined disposed:false
76 silly fetch manifest minimist@^1.2.3
77 silly packumentCache full:https://registry.npmjs.org/minimist cache-miss
78 http fetch GET 200 https://registry.npmjs.org/file-uri-to-path 53ms (cache miss)
79 silly packumentCache full:https://registry.npmjs.org/file-uri-to-path set size:undefined disposed:false
80 silly fetch manifest node-abi@^3.3.0
81 silly packumentCache full:https://registry.npmjs.org/node-abi cache-miss
82 http fetch GET 200 https://registry.npmjs.org/exponential-backoff 54ms (cache miss)
83 silly packumentCache full:https://registry.npmjs.org/exponential-backoff set size:undefined disposed:false
84 silly fetch manifest simple-get@^4.0.0
85 silly packumentCache full:https://registry.npmjs.org/simple-get cache-miss
86 http fetch GET 200 https://registry.npmjs.org/nopt 60ms (cache miss)
87 silly packumentCache full:https://registry.npmjs.org/nopt set size:undefined disposed:false
88 silly fetch manifest detect-libc@^2.0.0
89 silly packumentCache full:https://registry.npmjs.org/detect-libc cache-miss
90 http fetch GET 200 https://registry.npmjs.org/minimist 48ms (cache miss)
91 silly packumentCache full:https://registry.npmjs.org/minimist set size:undefined disposed:false
92 silly fetch manifest tunnel-agent@^0.6.0
93 silly packumentCache full:https://registry.npmjs.org/tunnel-agent cache-miss
94 http fetch GET 200 https://registry.npmjs.org/tar-fs 50ms (cache miss)
95 silly packumentCache full:https://registry.npmjs.org/tar-fs set size:undefined disposed:false
96 silly fetch manifest mkdirp-classic@^0.5.3
97 silly packumentCache full:https://registry.npmjs.org/mkdirp-classic cache-miss
98 http fetch GET 200 https://registry.npmjs.org/simple-get 54ms (cache miss)
99 silly packumentCache full:https://registry.npmjs.org/simple-get set size:undefined disposed:false
100 silly fetch manifest expand-template@^2.0.3
101 silly packumentCache full:https://registry.npmjs.org/expand-template cache-miss
102 http fetch GET 200 https://registry.npmjs.org/node-abi 61ms (cache miss)
103 silly packumentCache full:https://registry.npmjs.org/node-abi set size:undefined disposed:false
104 silly fetch manifest napi-build-utils@^2.0.0
105 silly packumentCache full:https://registry.npmjs.org/napi-build-utils cache-miss
106 http fetch GET 200 https://registry.npmjs.org/detect-libc 58ms (cache miss)
107 silly packumentCache full:https://registry.npmjs.org/detect-libc set size:undefined disposed:false
108 silly fetch manifest github-from-package@0.0.0
109 silly packumentCache full:https://registry.npmjs.org/github-from-package cache-miss
110 http fetch GET 200 https://registry.npmjs.org/expand-template 48ms (cache miss)
111 silly packumentCache full:https://registry.npmjs.org/expand-template set size:undefined disposed:false
112 silly fetch manifest @isaacs/fs-minipass@^4.0.0
113 silly packumentCache full:https://registry.npmjs.org/@isaacs%2ffs-minipass cache-miss
114 http fetch GET 200 https://registry.npmjs.org/tunnel-agent 58ms (cache miss)
115 silly packumentCache full:https://registry.npmjs.org/tunnel-agent set size:undefined disposed:false
116 silly fetch manifest chownr@^3.0.0
117 silly packumentCache full:https://registry.npmjs.org/chownr cache-miss
118 http fetch GET 200 https://registry.npmjs.org/mkdirp-classic 57ms (cache miss)
119 silly packumentCache full:https://registry.npmjs.org/mkdirp-classic set size:undefined disposed:false
120 silly fetch manifest minizlib@^3.1.0
121 silly packumentCache full:https://registry.npmjs.org/minizlib cache-miss
122 http fetch GET 200 https://registry.npmjs.org/napi-build-utils 46ms (cache miss)
123 silly packumentCache full:https://registry.npmjs.org/napi-build-utils set size:undefined disposed:false
124 silly fetch manifest yallist@^5.0.0
125 silly packumentCache full:https://registry.npmjs.org/yallist cache-miss
126 http cache https://registry.npmjs.org/yallist 2ms (cache hit)
127 silly packumentCache full:https://registry.npmjs.org/yallist set size:34610 disposed:false
128 http fetch GET 200 https://registry.npmjs.org/tinyglobby 167ms (cache miss)
129 silly packumentCache full:https://registry.npmjs.org/tinyglobby set size:undefined disposed:false
130 http fetch GET 200 https://registry.npmjs.org/github-from-package 58ms (cache miss)
131 silly packumentCache full:https://registry.npmjs.org/github-from-package set size:undefined disposed:false
132 http fetch GET 200 https://registry.npmjs.org/rc 186ms (cache miss)
133 silly packumentCache full:https://registry.npmjs.org/rc set size:undefined disposed:false
134 http fetch GET 200 https://registry.npmjs.org/chownr 49ms (cache miss)
135 silly packumentCache full:https://registry.npmjs.org/chownr set size:undefined disposed:false
136 http fetch GET 200 https://registry.npmjs.org/minizlib 48ms (cache miss)
137 silly packumentCache full:https://registry.npmjs.org/minizlib set size:undefined disposed:false
138 http fetch GET 200 https://registry.npmjs.org/pump 220ms (cache miss)
139 silly packumentCache full:https://registry.npmjs.org/pump set size:undefined disposed:false
140 http fetch GET 200 https://registry.npmjs.org/@isaacs%2ffs-minipass 78ms (cache miss)
141 silly packumentCache full:https://registry.npmjs.org/@isaacs%2ffs-minipass set size:undefined disposed:false
142 http fetch GET 200 https://registry.npmjs.org/undici 248ms (cache miss)
143 silly packumentCache full:https://registry.npmjs.org/undici set size:undefined disposed:false
144 silly placeDep ROOT file-uri-to-path@1.0.0 OK for: bindings@1.5.0 want: 1.0.0
145 silly placeDep ROOT env-paths@2.2.1 OK for: node-gyp@12.3.0 want: ^2.2.0
146 silly placeDep ROOT exponential-backoff@3.1.3 OK for: node-gyp@12.3.0 want: ^3.1.1
147 silly placeDep ROOT nopt@9.0.0 OK for: node-gyp@12.3.0 want: ^9.0.0
148 silly placeDep ROOT proc-log@6.1.0 OK for: node-gyp@12.3.0 want: ^6.0.0
149 silly placeDep ROOT tinyglobby@0.2.16 OK for: node-gyp@12.3.0 want: ^0.2.12
150 silly placeDep ROOT undici@6.25.0 OK for: node-gyp@12.3.0 want: ^6.25.0
151 silly placeDep node_modules/node-gyp which@6.0.1 OK for: node-gyp@12.3.0 want: ^6.0.0
152 silly fetch manifest abbrev@^4.0.0
153 silly packumentCache full:https://registry.npmjs.org/abbrev cache-miss
154 silly fetch manifest fdir@^6.5.0
155 silly packumentCache full:https://registry.npmjs.org/fdir cache-miss
156 silly fetch manifest isexe@^4.0.0
157 silly packumentCache full:https://registry.npmjs.org/isexe cache-miss
158 http cache https://registry.npmjs.org/isexe 3ms (cache hit)
159 silly packumentCache full:https://registry.npmjs.org/isexe set size:31756 disposed:false
160 http fetch GET 200 https://registry.npmjs.org/abbrev 45ms (cache miss)
161 silly packumentCache full:https://registry.npmjs.org/abbrev set size:undefined disposed:false
162 http fetch GET 200 https://registry.npmjs.org/fdir 53ms (cache miss)
163 silly packumentCache full:https://registry.npmjs.org/fdir set size:undefined disposed:false
164 silly placeDep ROOT abbrev@4.0.0 OK for: nopt@9.0.0 want: ^4.0.0
165 silly placeDep ROOT detect-libc@2.1.2 OK for: prebuild-install@7.1.3 want: ^2.0.0
166 silly placeDep ROOT expand-template@2.0.3 OK for: prebuild-install@7.1.3 want: ^2.0.3
167 silly placeDep ROOT github-from-package@0.0.0 OK for: prebuild-install@7.1.3 want: 0.0.0
168 silly placeDep ROOT minimist@1.2.8 OK for: prebuild-install@7.1.3 want: ^1.2.3
169 silly placeDep ROOT mkdirp-classic@0.5.3 OK for: prebuild-install@7.1.3 want: ^0.5.3
170 silly placeDep ROOT napi-build-utils@2.0.0 OK for: prebuild-install@7.1.3 want: ^2.0.0
171 silly placeDep ROOT node-abi@3.92.0 OK for: prebuild-install@7.1.3 want: ^3.3.0
172 silly placeDep ROOT pump@3.0.4 OK for: prebuild-install@7.1.3 want: ^3.0.0
173 silly placeDep ROOT rc@1.2.8 OK for: prebuild-install@7.1.3 want: ^1.2.7
174 silly placeDep ROOT simple-get@4.0.1 OK for: prebuild-install@7.1.3 want: ^4.0.0
175 silly placeDep ROOT tar-fs@2.1.4 OK for: prebuild-install@7.1.3 want: ^2.0.0
176 silly placeDep ROOT tunnel-agent@0.6.0 OK for: prebuild-install@7.1.3 want: ^0.6.0
177 silly fetch manifest end-of-stream@^1.1.0
178 silly packumentCache full:https://registry.npmjs.org/end-of-stream cache-miss
179 silly fetch manifest ini@~1.3.0
180 silly packumentCache full:https://registry.npmjs.org/ini cache-miss
181 silly fetch manifest deep-extend@^0.6.0
182 silly packumentCache full:https://registry.npmjs.org/deep-extend cache-miss
183 silly fetch manifest strip-json-comments@~2.0.1
184 silly packumentCache full:https://registry.npmjs.org/strip-json-comments cache-miss
185 silly fetch manifest decompress-response@^6.0.0
186 silly packumentCache full:https://registry.npmjs.org/decompress-response cache-miss
187 silly fetch manifest simple-concat@^1.0.0
188 silly packumentCache full:https://registry.npmjs.org/simple-concat cache-miss
189 silly fetch manifest chownr@^1.1.1
190 silly packumentCache full:https://registry.npmjs.org/chownr cache-miss
191 silly fetch manifest tar-stream@^2.1.4
192 silly packumentCache full:https://registry.npmjs.org/tar-stream cache-miss
193 http cache https://registry.npmjs.org/strip-json-comments 4ms (cache hit)
194 silly packumentCache full:https://registry.npmjs.org/strip-json-comments set size:43569 disposed:false
195 http cache https://registry.npmjs.org/chownr 3ms (cache hit)
196 silly packumentCache full:https://registry.npmjs.org/chownr set size:22157 disposed:false
197 http fetch GET 200 https://registry.npmjs.org/deep-extend 47ms (cache miss)
198 silly packumentCache full:https://registry.npmjs.org/deep-extend set size:undefined disposed:false
199 http fetch GET 200 https://registry.npmjs.org/decompress-response 47ms (cache miss)
200 silly packumentCache full:https://registry.npmjs.org/decompress-response set size:undefined disposed:false
201 http fetch GET 200 https://registry.npmjs.org/tar-stream 53ms (cache miss)
202 silly packumentCache full:https://registry.npmjs.org/tar-stream set size:undefined disposed:false
203 http fetch GET 200 https://registry.npmjs.org/simple-concat 67ms (cache miss)
204 silly packumentCache full:https://registry.npmjs.org/simple-concat set size:undefined disposed:false
205 http fetch GET 200 https://registry.npmjs.org/end-of-stream 67ms (cache miss)
206 silly packumentCache full:https://registry.npmjs.org/end-of-stream set size:undefined disposed:false
207 http fetch GET 200 https://registry.npmjs.org/ini 67ms (cache miss)
208 silly packumentCache full:https://registry.npmjs.org/ini set size:undefined disposed:false
209 silly placeDep ROOT end-of-stream@1.4.5 OK for: pump@3.0.4 want: ^1.1.0
210 silly placeDep ROOT deep-extend@0.6.0 OK for: rc@1.2.8 want: ^0.6.0
211 silly placeDep ROOT ini@1.3.8 OK for: rc@1.2.8 want: ~1.3.0
212 silly placeDep node_modules/rc strip-json-comments@2.0.1 OK for: rc@1.2.8 want: ~2.0.1
213 silly placeDep ROOT decompress-response@6.0.0 OK for: simple-get@4.0.1 want: ^6.0.0
214 silly placeDep ROOT simple-concat@1.0.1 OK for: simple-get@4.0.1 want: ^1.0.0
215 silly fetch manifest mimic-response@^3.1.0
216 silly packumentCache full:https://registry.npmjs.org/mimic-response cache-miss
217 http fetch GET 200 https://registry.npmjs.org/mimic-response 221ms (cache miss)
218 silly packumentCache full:https://registry.npmjs.org/mimic-response set size:undefined disposed:false
219 silly placeDep ROOT mimic-response@3.1.0 OK for: decompress-response@6.0.0 want: ^3.1.0
220 silly placeDep ROOT @isaacs/fs-minipass@4.0.1 OK for: tar@7.5.15 want: ^4.0.0
221 silly placeDep ROOT chownr@3.0.0 OK for: tar@7.5.15 want: ^3.0.0
222 silly placeDep ROOT minizlib@3.1.0 OK for: tar@7.5.15 want: ^3.1.0
223 silly placeDep node_modules/tar yallist@5.0.0 OK for: tar@7.5.15 want: ^5.0.0
224 silly placeDep node_modules/tar-fs chownr@1.1.4 OK for: tar-fs@2.1.4 want: ^1.1.1
225 silly placeDep ROOT tar-stream@2.2.0 OK for: tar-fs@2.1.4 want: ^2.1.4
226 silly fetch manifest bl@^4.0.3
227 silly packumentCache full:https://registry.npmjs.org/bl cache-miss
228 silly fetch manifest fs-constants@^1.0.0
229 silly packumentCache full:https://registry.npmjs.org/fs-constants cache-miss
230 silly fetch manifest readable-stream@^3.1.1
231 silly packumentCache full:https://registry.npmjs.org/readable-stream cache-miss
232 http fetch GET 200 https://registry.npmjs.org/fs-constants 55ms (cache miss)
233 silly packumentCache full:https://registry.npmjs.org/fs-constants set size:undefined disposed:false
234 http fetch GET 200 https://registry.npmjs.org/bl 58ms (cache miss)
235 silly packumentCache full:https://registry.npmjs.org/bl set size:undefined disposed:false
236 http fetch GET 200 https://registry.npmjs.org/readable-stream 65ms (cache miss)
237 silly packumentCache full:https://registry.npmjs.org/readable-stream set size:undefined disposed:false
238 silly placeDep ROOT bl@4.1.0 OK for: tar-stream@2.2.0 want: ^4.0.3
239 silly placeDep ROOT fs-constants@1.0.0 OK for: tar-stream@2.2.0 want: ^1.0.0
240 silly placeDep ROOT readable-stream@3.6.2 OK for: tar-stream@2.2.0 want: ^3.1.1
241 silly fetch manifest buffer@^5.5.0
242 silly packumentCache full:https://registry.npmjs.org/buffer cache-miss
243 silly fetch manifest readable-stream@^3.4.0
244 silly packumentCache full:https://registry.npmjs.org/readable-stream cache-miss
245 silly fetch manifest string_decoder@^1.1.1
246 silly packumentCache full:https://registry.npmjs.org/string_decoder cache-miss
247 silly fetch manifest util-deprecate@^1.0.1
248 silly packumentCache full:https://registry.npmjs.org/util-deprecate cache-miss
249 http cache https://registry.npmjs.org/readable-stream 5ms (cache hit)
250 silly packumentCache full:https://registry.npmjs.org/readable-stream set size:261096 disposed:false
251 http fetch GET 200 https://registry.npmjs.org/string_decoder 49ms (cache miss)
252 silly packumentCache full:https://registry.npmjs.org/string_decoder set size:undefined disposed:false
253 http fetch GET 200 https://registry.npmjs.org/buffer 53ms (cache miss)
254 silly packumentCache full:https://registry.npmjs.org/buffer set size:undefined disposed:false
255 http fetch GET 200 https://registry.npmjs.org/util-deprecate 62ms (cache miss)
256 silly packumentCache full:https://registry.npmjs.org/util-deprecate set size:undefined disposed:false
257 silly placeDep ROOT buffer@5.7.1 OK for: bl@4.1.0 want: ^5.5.0
258 silly fetch manifest base64-js@^1.3.1
259 silly packumentCache full:https://registry.npmjs.org/base64-js cache-miss
260 silly fetch manifest ieee754@^1.1.13
261 silly packumentCache full:https://registry.npmjs.org/ieee754 cache-miss
262 http fetch GET 200 https://registry.npmjs.org/ieee754 56ms (cache miss)
263 silly packumentCache full:https://registry.npmjs.org/ieee754 set size:undefined disposed:false
264 http fetch GET 200 https://registry.npmjs.org/base64-js 65ms (cache miss)
265 silly packumentCache full:https://registry.npmjs.org/base64-js set size:undefined disposed:false
266 silly placeDep ROOT base64-js@1.5.1 OK for: buffer@5.7.1 want: ^1.3.1
267 silly placeDep ROOT ieee754@1.2.1 OK for: buffer@5.7.1 want: ^1.1.13
268 silly placeDep ROOT string_decoder@1.3.0 OK for: readable-stream@3.6.2 want: ^1.1.1
269 silly placeDep ROOT util-deprecate@1.0.2 OK for: readable-stream@3.6.2 want: ^1.0.1
270 silly fetch manifest picomatch@^4.0.4
271 silly packumentCache full:https://registry.npmjs.org/picomatch cache-miss
272 http cache https://registry.npmjs.org/picomatch 3ms (cache hit)
273 silly packumentCache full:https://registry.npmjs.org/picomatch set size:126376 disposed:false
274 silly placeDep ROOT fdir@6.5.0 OK for: tinyglobby@0.2.16 want: ^6.5.0
275 silly placeDep node_modules/node-gyp isexe@4.0.0 OK for: which@6.0.1 want: ^4.0.0
276 silly reify moves {}
277 silly audit bulk request {
277 silly audit   '@babel/code-frame': [ '7.29.0' ],
277 silly audit   '@babel/compat-data': [ '7.29.3' ],
277 silly audit   '@babel/core': [ '7.29.0' ],
277 silly audit   semver: [ '6.3.1', '7.8.0' ],
277 silly audit   '@babel/generator': [ '7.29.1' ],
277 silly audit   '@babel/helper-compilation-targets': [ '7.28.6' ],
277 silly audit   '@babel/helper-globals': [ '7.28.0' ],
277 silly audit   '@babel/helper-module-imports': [ '7.28.6' ],
277 silly audit   '@babel/helper-module-transforms': [ '7.28.6' ],
277 silly audit   '@babel/helper-plugin-utils': [ '7.28.6' ],
277 silly audit   '@babel/helper-string-parser': [ '7.27.1' ],
277 silly audit   '@babel/helper-validator-identifier': [ '7.28.5' ],
277 silly audit   '@babel/helper-validator-option': [ '7.27.1' ],
277 silly audit   '@babel/helpers': [ '7.29.2' ],
277 silly audit   '@babel/parser': [ '7.29.3' ],
277 silly audit   '@babel/plugin-syntax-async-generators': [ '7.8.4' ],
277 silly audit   '@babel/plugin-syntax-bigint': [ '7.8.3' ],
277 silly audit   '@babel/plugin-syntax-class-properties': [ '7.12.13' ],
277 silly audit   '@babel/plugin-syntax-class-static-block': [ '7.14.5' ],
277 silly audit   '@babel/plugin-syntax-import-attributes': [ '7.28.6' ],
277 silly audit   '@babel/plugin-syntax-import-meta': [ '7.10.4' ],
277 silly audit   '@babel/plugin-syntax-json-strings': [ '7.8.3' ],
277 silly audit   '@babel/plugin-syntax-jsx': [ '7.28.6' ],
277 silly audit   '@babel/plugin-syntax-logical-assignment-operators': [ '7.10.4' ],
277 silly audit   '@babel/plugin-syntax-nullish-coalescing-operator': [ '7.8.3' ],
277 silly audit   '@babel/plugin-syntax-numeric-separator': [ '7.10.4' ],
277 silly audit   '@babel/plugin-syntax-object-rest-spread': [ '7.8.3' ],
277 silly audit   '@babel/plugin-syntax-optional-catch-binding': [ '7.8.3' ],
277 silly audit   '@babel/plugin-syntax-optional-chaining': [ '7.8.3' ],
277 silly audit   '@babel/plugin-syntax-private-property-in-object': [ '7.14.5' ],
277 silly audit   '@babel/plugin-syntax-top-level-await': [ '7.14.5' ],
277 silly audit   '@babel/plugin-syntax-typescript': [ '7.28.6' ],
277 silly audit   '@babel/template': [ '7.28.6' ],
277 silly audit   '@babel/traverse': [ '7.29.0' ],
277 silly audit   '@babel/types': [ '7.29.0' ],
277 silly audit   '@bcoe/v8-coverage': [ '0.2.3' ],
277 silly audit   '@emnapi/core': [ '1.10.0' ],
277 silly audit   '@emnapi/runtime': [ '1.10.0' ],
277 silly audit   '@emnapi/wasi-threads': [ '1.2.1' ],
277 silly audit   '@isaacs/cliui': [ '8.0.2' ],
277 silly audit   '@istanbuljs/load-nyc-config': [ '1.1.0' ],
277 silly audit   '@istanbuljs/schema': [ '0.1.6' ],
277 silly audit   '@jest/console': [ '30.4.1' ],
277 silly audit   '@jest/core': [ '30.4.2' ],
277 silly audit   '@jest/diff-sequences': [ '30.4.0' ],
277 silly audit   '@jest/environment': [ '30.4.1' ],
277 silly audit   '@jest/expect': [ '30.4.1' ],
277 silly audit   '@jest/expect-utils': [ '30.4.1' ],
277 silly audit   '@jest/fake-timers': [ '30.4.1' ],
277 silly audit   '@jest/get-type': [ '30.1.0' ],
277 silly audit   '@jest/globals': [ '30.4.1' ],
277 silly audit   '@jest/pattern': [ '30.4.0' ],
277 silly audit   '@jest/reporters': [ '30.4.1' ],
277 silly audit   '@jest/schemas': [ '30.4.1' ],
277 silly audit   '@jest/snapshot-utils': [ '30.4.1' ],
277 silly audit   '@jest/source-map': [ '30.0.1' ],
277 silly audit   '@jest/test-result': [ '30.4.1' ],
277 silly audit   '@jest/test-sequencer': [ '30.4.1' ],
277 silly audit   '@jest/transform': [ '30.4.1' ],
277 silly audit   '@jest/types': [ '30.4.1' ],
277 silly audit   '@jridgewell/gen-mapping': [ '0.3.13' ],
277 silly audit   '@jridgewell/remapping': [ '2.3.5' ],
277 silly audit   '@jridgewell/resolve-uri': [ '3.1.2' ],
277 silly audit   '@jridgewell/sourcemap-codec': [ '1.5.5' ],
277 silly audit   '@jridgewell/trace-mapping': [ '0.3.31' ],
277 silly audit   '@napi-rs/wasm-runtime': [ '0.2.12' ],
277 silly audit   '@noble/hashes': [ '1.8.0' ],
277 silly audit   '@paralleldrive/cuid2': [ '2.3.1' ],
277 silly audit   '@pkgjs/parseargs': [ '0.11.0' ],
277 silly audit   '@pkgr/core': [ '0.2.9' ],
277 silly audit   '@sinclair/typebox': [ '0.34.49' ],
277 silly audit   '@sinonjs/commons': [ '3.0.1' ],
277 silly audit   '@sinonjs/fake-timers': [ '15.4.0' ],
277 silly audit   '@tybys/wasm-util': [ '0.10.2' ],
277 silly audit   '@types/babel__core': [ '7.20.5' ],
277 silly audit   '@types/babel__generator': [ '7.27.0' ],
277 silly audit   '@types/babel__template': [ '7.4.4' ],
277 silly audit   '@types/babel__traverse': [ '7.28.0' ],
277 silly audit   '@types/istanbul-lib-coverage': [ '2.0.6' ],
277 silly audit   '@types/istanbul-lib-report': [ '3.0.3' ],
277 silly audit   '@types/istanbul-reports': [ '3.0.4' ],
277 silly audit   '@types/node': [ '25.7.0' ],
277 silly audit   '@types/stack-utils': [ '2.0.3' ],
277 silly audit   '@types/yargs': [ '17.0.35' ],
277 silly audit   '@types/yargs-parser': [ '21.0.3' ],
277 silly audit   '@ungap/structured-clone': [ '1.3.1' ],
277 silly audit   '@unrs/resolver-binding-android-arm-eabi': [ '1.11.1' ],
277 silly audit   '@unrs/resolver-binding-android-arm64': [ '1.11.1' ],
277 silly audit   '@unrs/resolver-binding-darwin-arm64': [ '1.11.1' ],
277 silly audit   '@unrs/resolver-binding-darwin-x64': [ '1.11.1' ],
277 silly audit   '@unrs/resolver-binding-freebsd-x64': [ '1.11.1' ],
277 silly audit   '@unrs/resolver-binding-linux-arm-gnueabihf': [ '1.11.1' ],
277 silly audit   '@unrs/resolver-binding-linux-arm-musleabihf': [ '1.11.1' ],
277 silly audit   '@unrs/resolver-binding-linux-arm64-gnu': [ '1.11.1' ],
277 silly audit   '@unrs/resolver-binding-linux-arm64-musl': [ '1.11.1' ],
277 silly audit   '@unrs/resolver-binding-linux-ppc64-gnu': [ '1.11.1' ],
277 silly audit   '@unrs/resolver-binding-linux-riscv64-gnu': [ '1.11.1' ],
277 silly audit   '@unrs/resolver-binding-linux-riscv64-musl': [ '1.11.1' ],
277 silly audit   '@unrs/resolver-binding-linux-s390x-gnu': [ '1.11.1' ],
277 silly audit   '@unrs/resolver-binding-linux-x64-gnu': [ '1.11.1' ],
277 silly audit   '@unrs/resolver-binding-linux-x64-musl': [ '1.11.1' ],
277 silly audit   '@unrs/resolver-binding-wasm32-wasi': [ '1.11.1' ],
277 silly audit   '@unrs/resolver-binding-win32-arm64-msvc': [ '1.11.1' ],
277 silly audit   '@unrs/resolver-binding-win32-ia32-msvc': [ '1.11.1' ],
277 silly audit   '@unrs/resolver-binding-win32-x64-msvc': [ '1.11.1' ],
277 silly audit   accepts: [ '2.0.0' ],
277 silly audit   'ansi-escapes': [ '4.3.2' ],
277 silly audit   'ansi-regex': [ '6.2.2', '5.0.1' ],
277 silly audit   'ansi-styles': [ '4.3.0', '5.2.0', '6.2.3' ],
277 silly audit   anymatch: [ '3.1.3' ],
277 silly audit   picomatch: [ '2.3.2', '4.0.4' ],
277 silly audit   argparse: [ '1.0.10' ],
277 silly audit   asap: [ '2.0.6' ],
277 silly audit   asynckit: [ '0.4.0' ],
277 silly audit   'babel-jest': [ '30.4.1' ],
277 silly audit   'babel-plugin-istanbul': [ '7.0.1' ],
277 silly audit   'babel-plugin-jest-hoist': [ '30.4.0' ],
277 silly audit   'babel-preset-current-node-syntax': [ '1.2.0' ],
277 silly audit   'babel-preset-jest': [ '30.4.0' ],
277 silly audit   'balanced-match': [ '1.0.2' ],
277 silly audit   'baseline-browser-mapping': [ '2.10.29' ],
277 silly audit   bcryptjs: [ '3.0.3' ],
277 silly audit   'body-parser': [ '2.2.2' ],
277 silly audit   'brace-expansion': [ '2.1.0', '1.1.14' ],
277 silly audit   browserslist: [ '4.28.2' ],
277 silly audit   bser: [ '2.1.1' ],
277 silly audit   'buffer-equal-constant-time': [ '1.0.1' ],
277 silly audit   'buffer-from': [ '1.1.2' ],
277 silly audit   bytes: [ '3.1.2' ],
277 silly audit   'call-bind-apply-helpers': [ '1.0.2' ],
277 silly audit   'call-bound': [ '1.0.4' ],
277 silly audit   callsites: [ '3.1.0' ],
277 silly audit   camelcase: [ '5.3.1', '6.3.0' ],
277 silly audit   'caniuse-lite': [ '1.0.30001792' ],
277 silly audit   chalk: [ '4.1.2' ],
277 silly audit   'char-regex': [ '1.0.2' ],
277 silly audit   'ci-info': [ '4.4.0' ],
277 silly audit   'cjs-module-lexer': [ '2.2.0' ],
277 silly audit   cliui: [ '8.0.1' ],
277 silly audit   'emoji-regex': [ '8.0.0', '9.2.2' ],
277 silly audit   'string-width': [ '4.2.3', '5.1.2' ],
277 silly audit   'strip-ansi': [ '6.0.1', '7.2.0' ],
277 silly audit   'wrap-ansi': [ '7.0.0', '8.1.0' ],
277 silly audit   co: [ '4.6.0' ],
277 silly audit   'collect-v8-coverage': [ '1.0.3' ],
277 silly audit   'color-convert': [ '2.0.1' ],
277 silly audit   'color-name': [ '1.1.4' ],
277 silly audit   'combined-stream': [ '1.0.8' ],
277 silly audit   'component-emitter': [ '1.3.1' ],
277 silly audit   'concat-map': [ '0.0.1' ],
277 silly audit   'content-disposition': [ '1.1.0' ],
277 silly audit   'content-type': [ '1.0.5' ],
277 silly audit   'convert-source-map': [ '2.0.0' ],
277 silly audit   cookie: [ '0.7.2' ],
277 silly audit   'cookie-signature': [ '1.2.2' ],
277 silly audit   cookiejar: [ '2.1.4' ],
277 silly audit   'cross-spawn': [ '7.0.6' ],
277 silly audit   debug: [ '4.4.3' ],
277 silly audit   dedent: [ '1.7.2' ],
277 silly audit   deepmerge: [ '4.3.1' ],
277 silly audit   'delayed-stream': [ '1.0.0' ],
277 silly audit   depd: [ '2.0.0' ],
277 silly audit   'detect-newline': [ '3.1.0' ],
277 silly audit   dezalgo: [ '1.0.4' ],
277 silly audit   'dunder-proto': [ '1.0.1' ],
277 silly audit   eastasianwidth: [ '0.2.0' ],
277 silly audit   'ecdsa-sig-formatter': [ '1.0.11' ],
277 silly audit   'ee-first': [ '1.1.1' ],
277 silly audit   'electron-to-chromium': [ '1.5.353' ],
277 silly audit   emittery: [ '0.13.1' ],
277 silly audit   encodeurl: [ '2.0.0' ],
277 silly audit   'error-ex': [ '1.3.4' ],
277 silly audit   'es-define-property': [ '1.0.1' ],
277 silly audit   'es-errors': [ '1.3.0' ],
277 silly audit   'es-object-atoms': [ '1.1.1' ],
277 silly audit   'es-set-tostringtag': [ '2.1.0' ],
277 silly audit   escalade: [ '3.2.0' ],
277 silly audit   'escape-html': [ '1.0.3' ],
277 silly audit   'escape-string-regexp': [ '2.0.0' ],
277 silly audit   esprima: [ '4.0.1' ],
277 silly audit   etag: [ '1.8.1' ],
277 silly audit   execa: [ '5.1.1' ],
277 silly audit   'signal-exit': [ '3.0.7', '4.1.0' ],
277 silly audit   'exit-x': [ '0.2.2' ],
277 silly audit   expect: [ '30.4.1' ],
277 silly audit   express: [ '5.2.1' ],
277 silly audit   'fast-json-stable-stringify': [ '2.1.0' ],
277 silly audit   'fast-safe-stringify': [ '2.1.1' ],
277 silly audit   'fb-watchman': [ '2.0.2' ],
277 silly audit   finalhandler: [ '2.1.1' ],
277 silly audit   'find-up': [ '4.1.0' ],
277 silly audit   'foreground-child': [ '3.3.1' ],
277 silly audit   'form-data': [ '4.0.5' ],
277 silly audit   'mime-db': [ '1.52.0', '1.54.0' ],
277 silly audit   'mime-types': [ '2.1.35', '3.0.2' ],
277 silly audit   formidable: [ '3.5.4' ],
277 silly audit   forwarded: [ '0.2.0' ],
277 silly audit   fresh: [ '2.0.0' ],
277 silly audit   'fs.realpath': [ '1.0.0' ],
277 silly audit   fsevents: [ '2.3.3' ],
277 silly audit   'function-bind': [ '1.1.2' ],
277 silly audit   gensync: [ '1.0.0-beta.2' ],
277 silly audit   'get-caller-file': [ '2.0.5' ],
277 silly audit   'get-intrinsic': [ '1.3.0' ],
277 silly audit   'get-package-type': [ '0.1.0' ],
277 silly audit   'get-proto': [ '1.0.1' ],
277 silly audit   'get-stream': [ '6.0.1' ],
277 silly audit   glob: [ '10.5.0', '7.2.3' ],
277 silly audit   gopd: [ '1.2.0' ],
277 silly audit   'graceful-fs': [ '4.2.11' ],
277 silly audit   'has-flag': [ '4.0.0' ],
277 silly audit   'has-symbols': [ '1.1.0' ],
277 silly audit   'has-tostringtag': [ '1.0.2' ],
277 silly audit   hasown: [ '2.0.3' ],
277 silly audit   'html-escaper': [ '2.0.2' ],
277 silly audit   'http-errors': [ '2.0.1' ],
277 silly audit   'human-signals': [ '2.1.0' ],
277 silly audit   'iconv-lite': [ '0.7.2' ],
277 silly audit   'import-local': [ '3.2.0' ],
277 silly audit   imurmurhash: [ '0.1.4' ],
277 silly audit   inflight: [ '1.0.6' ],
277 silly audit   inherits: [ '2.0.4' ],
277 silly audit   'ipaddr.js': [ '1.9.1' ],
277 silly audit   'is-arrayish': [ '0.2.1' ],
277 silly audit   'is-fullwidth-code-point': [ '3.0.0' ],
277 silly audit   'is-generator-fn': [ '2.1.0' ],
277 silly audit   'is-promise': [ '4.0.0' ],
277 silly audit   'is-stream': [ '2.0.1' ],
277 silly audit   isexe: [ '2.0.0', '4.0.0' ],
277 silly audit   'istanbul-lib-coverage': [ '3.2.2' ],
277 silly audit   'istanbul-lib-instrument': [ '6.0.3' ],
277 silly audit   'istanbul-lib-report': [ '3.0.1' ],
277 silly audit   'istanbul-lib-source-maps': [ '5.0.6' ],
277 silly audit   'istanbul-reports': [ '3.2.0' ],
277 silly audit   jackspeak: [ '3.4.3' ],
277 silly audit   jest: [ '30.4.2' ],
277 silly audit   'jest-changed-files': [ '30.4.1' ],
277 silly audit   'jest-circus': [ '30.4.2' ],
277 silly audit   'jest-cli': [ '30.4.2' ],
277 silly audit   'jest-config': [ '30.4.2' ],
277 silly audit   'jest-diff': [ '30.4.1' ],
277 silly audit   'jest-docblock': [ '30.4.0' ],
277 silly audit   'jest-each': [ '30.4.1' ],
277 silly audit   'jest-environment-node': [ '30.4.1' ],
277 silly audit   'jest-haste-map': [ '30.4.1' ],
277 silly audit   'jest-leak-detector': [ '30.4.1' ],
277 silly audit   'jest-matcher-utils': [ '30.4.1' ],
277 silly audit   'jest-message-util': [ '30.4.1' ],
277 silly audit   'jest-mock': [ '30.4.1' ],
277 silly audit   'jest-pnp-resolver': [ '1.2.3' ],
277 silly audit   'jest-regex-util': [ '30.4.0' ],
277 silly audit   'jest-resolve': [ '30.4.1' ],
277 silly audit   'jest-resolve-dependencies': [ '30.4.2' ],
277 silly audit   'jest-runner': [ '30.4.2' ],
277 silly audit   'jest-runtime': [ '30.4.2' ],
277 silly audit   'jest-snapshot': [ '30.4.1' ],
277 silly audit   'jest-util': [ '30.4.1' ],
277 silly audit   'jest-validate': [ '30.4.1' ],
277 silly audit   'jest-watcher': [ '30.4.1' ],
277 silly audit   'jest-worker': [ '30.4.1' ],
277 silly audit   'supports-color': [ '8.1.1', '7.2.0' ],
277 silly audit   'js-tokens': [ '4.0.0' ],
277 silly audit   'js-yaml': [ '3.14.2' ],
277 silly audit   jsesc: [ '3.1.0' ],
277 silly audit   'json-parse-even-better-errors': [ '2.3.1' ],
277 silly audit   json5: [ '2.2.3' ],
277 silly audit   jsonwebtoken: [ '9.0.3' ],
277 silly audit   jwa: [ '2.0.1' ],
277 silly audit   jws: [ '4.0.1' ],
277 silly audit   leven: [ '3.1.0' ],
277 silly audit   'lines-and-columns': [ '1.2.4' ],
277 silly audit   'locate-path': [ '5.0.0' ],
277 silly audit   'lodash.includes': [ '4.3.0' ],
277 silly audit   'lodash.isboolean': [ '3.0.3' ],
277 silly audit   'lodash.isinteger': [ '4.0.4' ],
277 silly audit   'lodash.isnumber': [ '3.0.3' ],
277 silly audit   'lodash.isplainobject': [ '4.0.6' ],
277 silly audit   'lodash.isstring': [ '4.0.1' ],
277 silly audit   'lodash.once': [ '4.1.1' ],
277 silly audit   'lru-cache': [ '5.1.1', '10.4.3' ],
277 silly audit   'make-dir': [ '4.0.0' ],
277 silly audit   makeerror: [ '1.0.12' ],
277 silly audit   'math-intrinsics': [ '1.1.0' ],
277 silly audit   'media-typer': [ '1.1.0' ],
277 silly audit   'merge-descriptors': [ '2.0.0' ],
277 silly audit   'merge-stream': [ '2.0.0' ],
277 silly audit   methods: [ '1.1.2' ],
277 silly audit   mime: [ '2.6.0' ],
277 silly audit   'mimic-fn': [ '2.1.0' ],
277 silly audit   minimatch: [ '9.0.9', '3.1.5' ],
277 silly audit   minipass: [ '7.1.3' ],
277 silly audit   ms: [ '2.1.3' ],
277 silly audit   'napi-postinstall': [ '0.3.4' ],
277 silly audit   'natural-compare': [ '1.4.0' ],
277 silly audit   negotiator: [ '1.0.0' ],
277 silly audit   'node-int64': [ '0.4.0' ],
277 silly audit   'node-releases': [ '2.0.44' ],
277 silly audit   'normalize-path': [ '3.0.0' ],
277 silly audit   'npm-run-path': [ '4.0.1' ],
277 silly audit   'object-inspect': [ '1.13.4' ],
277 silly audit   'on-finished': [ '2.4.1' ],
277 silly audit   once: [ '1.4.0' ],
277 silly audit   onetime: [ '5.1.2' ],
277 silly audit   'p-limit': [ '3.1.0', '2.3.0' ],
277 silly audit   'p-locate': [ '4.1.0' ],
277 silly audit   'p-try': [ '2.2.0' ],
277 silly audit   'package-json-from-dist': [ '1.0.1' ],
277 silly audit   'parse-json': [ '5.2.0' ],
277 silly audit   parseurl: [ '1.3.3' ],
277 silly audit   passport: [ '0.7.0' ],
277 silly audit   'passport-jwt': [ '4.0.1' ],
277 silly audit   'passport-strategy': [ '1.0.0' ],
277 silly audit   'path-exists': [ '4.0.0' ],
277 silly audit   'path-is-absolute': [ '1.0.1' ],
277 silly audit   'path-key': [ '3.1.1' ],
277 silly audit   'path-scurry': [ '1.11.1' ],
277 silly audit   'path-to-regexp': [ '8.4.2' ],
277 silly audit   pause: [ '0.0.1' ],
277 silly audit   picocolors: [ '1.1.1' ],
277 silly audit   pirates: [ '4.0.7' ],
277 silly audit   'pkg-dir': [ '4.2.0' ],
277 silly audit   'pretty-format': [ '30.4.1' ],
277 silly audit   'proxy-addr': [ '2.0.7' ],
277 silly audit   'pure-rand': [ '7.0.1' ],
277 silly audit   qs: [ '6.15.1' ],
277 silly audit   'range-parser': [ '1.2.1' ],
277 silly audit   'raw-body': [ '3.0.2' ],
277 silly audit   'react-is': [ '18.3.1', '19.2.6' ],
277 silly audit   'require-directory': [ '2.1.1' ],
277 silly audit   'resolve-cwd': [ '3.0.0' ],
277 silly audit   'resolve-from': [ '5.0.0' ],
277 silly audit   router: [ '2.2.0' ],
277 silly audit   'safe-buffer': [ '5.2.1' ],
277 silly audit   'safer-buffer': [ '2.1.2' ],
277 silly audit   send: [ '1.2.1' ],
277 silly audit   'serve-static': [ '2.2.1' ],
277 silly audit   setprototypeof: [ '1.2.0' ],
277 silly audit   'shebang-command': [ '2.0.0' ],
277 silly audit   'shebang-regex': [ '3.0.0' ],
277 silly audit   'side-channel': [ '1.1.0' ],
277 silly audit   'side-channel-list': [ '1.0.1' ],
277 silly audit   'side-channel-map': [ '1.0.1' ],
277 silly audit   'side-channel-weakmap': [ '1.0.2' ],
277 silly audit   slash: [ '3.0.0' ],
277 silly audit   'source-map': [ '0.6.1' ],
277 silly audit   'source-map-support': [ '0.5.13' ],
277 silly audit   'sprintf-js': [ '1.0.3' ],
277 silly audit   'stack-utils': [ '2.0.6' ],
277 silly audit   statuses: [ '2.0.2' ],
277 silly audit   'string-length': [ '4.0.2' ],
277 silly audit   'strip-bom': [ '4.0.0' ],
277 silly audit   'strip-final-newline': [ '2.0.0' ],
277 silly audit   'strip-json-comments': [ '3.1.1', '2.0.1' ],
277 silly audit   superagent: [ '10.3.0' ],
277 silly audit   supertest: [ '7.2.2' ],
277 silly audit   synckit: [ '0.11.12' ],
277 silly audit   'test-exclude': [ '6.0.0' ],
277 silly audit   tmpl: [ '1.0.5' ],
277 silly audit   toidentifier: [ '1.0.1' ],
277 silly audit   tslib: [ '2.8.1' ],
277 silly audit   'type-detect': [ '4.0.8' ],
277 silly audit   'type-fest': [ '0.21.3' ],
277 silly audit   'type-is': [ '2.0.1' ],
277 silly audit   'undici-types': [ '7.21.0' ],
277 silly audit   unpipe: [ '1.0.0' ],
277 silly audit   'unrs-resolver': [ '1.11.1' ],
277 silly audit   'update-browserslist-db': [ '1.2.3' ],
277 silly audit   'utils-merge': [ '1.0.1' ],
277 silly audit   'v8-to-istanbul': [ '9.3.0' ],
277 silly audit   vary: [ '1.1.2' ],
277 silly audit   walker: [ '1.0.8' ],
277 silly audit   which: [ '2.0.2', '6.0.1' ],
277 silly audit   wrappy: [ '1.0.2' ],
277 silly audit   'write-file-atomic': [ '5.0.1' ],
277 silly audit   y18n: [ '5.0.8' ],
277 silly audit   yallist: [ '3.1.1', '5.0.0' ],
277 silly audit   yargs: [ '17.7.2' ],
277 silly audit   'yargs-parser': [ '21.1.1' ],
277 silly audit   'yocto-queue': [ '0.1.0' ],
277 silly audit   sqlite3: [ '6.0.1' ],
277 silly audit   bindings: [ '1.5.0' ],
277 silly audit   'node-addon-api': [ '8.7.0' ],
277 silly audit   'node-gyp': [ '12.3.0' ],
277 silly audit   'prebuild-install': [ '7.1.3' ],
277 silly audit   tar: [ '7.5.15' ],
277 silly audit   'file-uri-to-path': [ '1.0.0' ],
277 silly audit   'env-paths': [ '2.2.1' ],
277 silly audit   'exponential-backoff': [ '3.1.3' ],
277 silly audit   nopt: [ '9.0.0' ],
277 silly audit   'proc-log': [ '6.1.0' ],
277 silly audit   tinyglobby: [ '0.2.16' ],
277 silly audit   undici: [ '6.25.0' ],
277 silly audit   abbrev: [ '4.0.0' ],
277 silly audit   'detect-libc': [ '2.1.2' ],
277 silly audit   'expand-template': [ '2.0.3' ],
277 silly audit   'github-from-package': [ '0.0.0' ],
277 silly audit   minimist: [ '1.2.8' ],
277 silly audit   'mkdirp-classic': [ '0.5.3' ],
277 silly audit   'napi-build-utils': [ '2.0.0' ],
277 silly audit   'node-abi': [ '3.92.0' ],
277 silly audit   pump: [ '3.0.4' ],
277 silly audit   rc: [ '1.2.8' ],
277 silly audit   'simple-get': [ '4.0.1' ],
277 silly audit   'tar-fs': [ '2.1.4' ],
277 silly audit   'tunnel-agent': [ '0.6.0' ],
277 silly audit   'end-of-stream': [ '1.4.5' ],
277 silly audit   'deep-extend': [ '0.6.0' ],
277 silly audit   ini: [ '1.3.8' ],
277 silly audit   'decompress-response': [ '6.0.0' ],
277 silly audit   'simple-concat': [ '1.0.1' ],
277 silly audit   'mimic-response': [ '3.1.0' ],
277 silly audit   '@isaacs/fs-minipass': [ '4.0.1' ],
277 silly audit   chownr: [ '3.0.0', '1.1.4' ],
277 silly audit   minizlib: [ '3.1.0' ],
277 silly audit   'tar-stream': [ '2.2.0' ],
277 silly audit   bl: [ '4.1.0' ],
277 silly audit   'fs-constants': [ '1.0.0' ],
277 silly audit   'readable-stream': [ '3.6.2' ],
277 silly audit   buffer: [ '5.7.1' ],
277 silly audit   'base64-js': [ '1.5.1' ],
277 silly audit   ieee754: [ '1.2.1' ],
277 silly audit   string_decoder: [ '1.3.0' ],
277 silly audit   'util-deprecate': [ '1.0.2' ],
277 silly audit   fdir: [ '6.5.0' ]
277 silly audit }
278 verbose reify failed optional dependency /Users/absaad/Desktop/todo-api/node_modules/@unrs/resolver-binding-win32-x64-msvc
279 silly reify mark deleted [
279 silly reify   '/Users/absaad/Desktop/todo-api/node_modules/@unrs/resolver-binding-win32-x64-msvc'
279 silly reify ]
280 verbose reify failed optional dependency /Users/absaad/Desktop/todo-api/node_modules/@unrs/resolver-binding-win32-ia32-msvc
281 silly reify mark deleted [
281 silly reify   '/Users/absaad/Desktop/todo-api/node_modules/@unrs/resolver-binding-win32-ia32-msvc'
281 silly reify ]
282 verbose reify failed optional dependency /Users/absaad/Desktop/todo-api/node_modules/@unrs/resolver-binding-win32-arm64-msvc
283 silly reify mark deleted [
283 silly reify   '/Users/absaad/Desktop/todo-api/node_modules/@unrs/resolver-binding-win32-arm64-msvc'
283 silly reify ]
284 verbose reify failed optional dependency /Users/absaad/Desktop/todo-api/node_modules/@unrs/resolver-binding-wasm32-wasi
285 silly reify mark deleted [
285 silly reify   '/Users/absaad/Desktop/todo-api/node_modules/@unrs/resolver-binding-wasm32-wasi'
285 silly reify ]
286 verbose reify failed optional dependency /Users/absaad/Desktop/todo-api/node_modules/@napi-rs/wasm-runtime
287 silly reify mark deleted [ '/Users/absaad/Desktop/todo-api/node_modules/@napi-rs/wasm-runtime' ]
288 verbose reify failed optional dependency /Users/absaad/Desktop/todo-api/node_modules/@emnapi/core
289 silly reify mark deleted [ '/Users/absaad/Desktop/todo-api/node_modules/@emnapi/core' ]
290 verbose reify failed optional dependency /Users/absaad/Desktop/todo-api/node_modules/@emnapi/runtime
291 silly reify mark deleted [ '/Users/absaad/Desktop/todo-api/node_modules/@emnapi/runtime' ]
292 verbose reify failed optional dependency /Users/absaad/Desktop/todo-api/node_modules/@tybys/wasm-util
293 silly reify mark deleted [ '/Users/absaad/Desktop/todo-api/node_modules/@tybys/wasm-util' ]
294 verbose reify failed optional dependency /Users/absaad/Desktop/todo-api/node_modules/@emnapi/wasi-threads
295 silly reify mark deleted [ '/Users/absaad/Desktop/todo-api/node_modules/@emnapi/wasi-threads' ]
296 verbose reify failed optional dependency /Users/absaad/Desktop/todo-api/node_modules/tslib
297 silly reify mark deleted [ '/Users/absaad/Desktop/todo-api/node_modules/tslib' ]
298 verbose reify failed optional dependency /Users/absaad/Desktop/todo-api/node_modules/@unrs/resolver-binding-linux-x64-musl
299 silly reify mark deleted [
299 silly reify   '/Users/absaad/Desktop/todo-api/node_modules/@unrs/resolver-binding-linux-x64-musl'
299 silly reify ]
300 verbose reify failed optional dependency /Users/absaad/Desktop/todo-api/node_modules/@unrs/resolver-binding-linux-x64-gnu
301 silly reify mark deleted [
301 silly reify   '/Users/absaad/Desktop/todo-api/node_modules/@unrs/resolver-binding-linux-x64-gnu'
301 silly reify ]
302 verbose reify failed optional dependency /Users/absaad/Desktop/todo-api/node_modules/@unrs/resolver-binding-linux-s390x-gnu
303 silly reify mark deleted [
303 silly reify   '/Users/absaad/Desktop/todo-api/node_modules/@unrs/resolver-binding-linux-s390x-gnu'
303 silly reify ]
304 verbose reify failed optional dependency /Users/absaad/Desktop/todo-api/node_modules/@unrs/resolver-binding-linux-riscv64-musl
305 silly reify mark deleted [
305 silly reify   '/Users/absaad/Desktop/todo-api/node_modules/@unrs/resolver-binding-linux-riscv64-musl'
305 silly reify ]
306 verbose reify failed optional dependency /Users/absaad/Desktop/todo-api/node_modules/@unrs/resolver-binding-linux-riscv64-gnu
307 silly reify mark deleted [
307 silly reify   '/Users/absaad/Desktop/todo-api/node_modules/@unrs/resolver-binding-linux-riscv64-gnu'
307 silly reify ]
308 verbose reify failed optional dependency /Users/absaad/Desktop/todo-api/node_modules/@unrs/resolver-binding-linux-ppc64-gnu
309 silly reify mark deleted [
309 silly reify   '/Users/absaad/Desktop/todo-api/node_modules/@unrs/resolver-binding-linux-ppc64-gnu'
309 silly reify ]
310 verbose reify failed optional dependency /Users/absaad/Desktop/todo-api/node_modules/@unrs/resolver-binding-linux-arm64-musl
311 silly reify mark deleted [
311 silly reify   '/Users/absaad/Desktop/todo-api/node_modules/@unrs/resolver-binding-linux-arm64-musl'
311 silly reify ]
312 verbose reify failed optional dependency /Users/absaad/Desktop/todo-api/node_modules/@unrs/resolver-binding-linux-arm64-gnu
313 silly reify mark deleted [
313 silly reify   '/Users/absaad/Desktop/todo-api/node_modules/@unrs/resolver-binding-linux-arm64-gnu'
313 silly reify ]
314 verbose reify failed optional dependency /Users/absaad/Desktop/todo-api/node_modules/@unrs/resolver-binding-linux-arm-musleabihf
315 silly reify mark deleted [
315 silly reify   '/Users/absaad/Desktop/todo-api/node_modules/@unrs/resolver-binding-linux-arm-musleabihf'
315 silly reify ]
316 verbose reify failed optional dependency /Users/absaad/Desktop/todo-api/node_modules/@unrs/resolver-binding-linux-arm-gnueabihf
317 silly reify mark deleted [
317 silly reify   '/Users/absaad/Desktop/todo-api/node_modules/@unrs/resolver-binding-linux-arm-gnueabihf'
317 silly reify ]
318 verbose reify failed optional dependency /Users/absaad/Desktop/todo-api/node_modules/@unrs/resolver-binding-freebsd-x64
319 silly reify mark deleted [
319 silly reify   '/Users/absaad/Desktop/todo-api/node_modules/@unrs/resolver-binding-freebsd-x64'
319 silly reify ]
320 verbose reify failed optional dependency /Users/absaad/Desktop/todo-api/node_modules/@unrs/resolver-binding-darwin-x64
321 silly reify mark deleted [
321 silly reify   '/Users/absaad/Desktop/todo-api/node_modules/@unrs/resolver-binding-darwin-x64'
321 silly reify ]
322 verbose reify failed optional dependency /Users/absaad/Desktop/todo-api/node_modules/@unrs/resolver-binding-android-arm64
323 silly reify mark deleted [
323 silly reify   '/Users/absaad/Desktop/todo-api/node_modules/@unrs/resolver-binding-android-arm64'
323 silly reify ]
324 verbose reify failed optional dependency /Users/absaad/Desktop/todo-api/node_modules/@unrs/resolver-binding-android-arm-eabi
325 silly reify mark deleted [
325 silly reify   '/Users/absaad/Desktop/todo-api/node_modules/@unrs/resolver-binding-android-arm-eabi'
325 silly reify ]
326 http cache fdir@https://registry.npmjs.org/fdir/-/fdir-6.5.0.tgz 0ms (cache hit)
327 http cache string_decoder@https://registry.npmjs.org/string_decoder/-/string_decoder-1.3.0.tgz 0ms (cache hit)
328 http cache base64-js@https://registry.npmjs.org/base64-js/-/base64-js-1.5.1.tgz 0ms (cache hit)
329 http cache ieee754@https://registry.npmjs.org/ieee754/-/ieee754-1.2.1.tgz 0ms (cache hit)
330 http cache readable-stream@https://registry.npmjs.org/readable-stream/-/readable-stream-3.6.2.tgz 0ms (cache hit)
331 http cache bl@https://registry.npmjs.org/bl/-/bl-4.1.0.tgz 0ms (cache hit)
332 http cache buffer@https://registry.npmjs.org/buffer/-/buffer-5.7.1.tgz 0ms (cache hit)
333 http cache util-deprecate@https://registry.npmjs.org/util-deprecate/-/util-deprecate-1.0.2.tgz 0ms (cache hit)
334 http cache minizlib@https://registry.npmjs.org/minizlib/-/minizlib-3.1.0.tgz 0ms (cache hit)
335 http cache fs-constants@https://registry.npmjs.org/fs-constants/-/fs-constants-1.0.0.tgz 0ms (cache hit)
336 http cache tar-stream@https://registry.npmjs.org/tar-stream/-/tar-stream-2.2.0.tgz 0ms (cache hit)
337 http cache @isaacs/fs-minipass@https://registry.npmjs.org/@isaacs/fs-minipass/-/fs-minipass-4.0.1.tgz 0ms (cache hit)
338 http cache mimic-response@https://registry.npmjs.org/mimic-response/-/mimic-response-3.1.0.tgz 0ms (cache hit)
339 http cache simple-concat@https://registry.npmjs.org/simple-concat/-/simple-concat-1.0.1.tgz 0ms (cache hit)
340 http cache chownr@https://registry.npmjs.org/chownr/-/chownr-3.0.0.tgz 0ms (cache hit)
341 http cache ini@https://registry.npmjs.org/ini/-/ini-1.3.8.tgz 0ms (cache hit)
342 http cache decompress-response@https://registry.npmjs.org/decompress-response/-/decompress-response-6.0.0.tgz 0ms (cache hit)
343 http cache deep-extend@https://registry.npmjs.org/deep-extend/-/deep-extend-0.6.0.tgz 0ms (cache hit)
344 http cache end-of-stream@https://registry.npmjs.org/end-of-stream/-/end-of-stream-1.4.5.tgz 0ms (cache hit)
345 http cache tunnel-agent@https://registry.npmjs.org/tunnel-agent/-/tunnel-agent-0.6.0.tgz 0ms (cache hit)
346 http cache simple-get@https://registry.npmjs.org/simple-get/-/simple-get-4.0.1.tgz 0ms (cache hit)
347 http cache pump@https://registry.npmjs.org/pump/-/pump-3.0.4.tgz 0ms (cache hit)
348 http cache rc@https://registry.npmjs.org/rc/-/rc-1.2.8.tgz 0ms (cache hit)
349 http cache node-abi@https://registry.npmjs.org/node-abi/-/node-abi-3.92.0.tgz 0ms (cache hit)
350 http cache napi-build-utils@https://registry.npmjs.org/napi-build-utils/-/napi-build-utils-2.0.0.tgz 0ms (cache hit)
351 http cache minimist@https://registry.npmjs.org/minimist/-/minimist-1.2.8.tgz 0ms (cache hit)
352 http cache mkdirp-classic@https://registry.npmjs.org/mkdirp-classic/-/mkdirp-classic-0.5.3.tgz 0ms (cache hit)
353 http cache github-from-package@https://registry.npmjs.org/github-from-package/-/github-from-package-0.0.0.tgz 0ms (cache hit)
354 http cache tar-fs@https://registry.npmjs.org/tar-fs/-/tar-fs-2.1.4.tgz 0ms (cache hit)
355 http cache expand-template@https://registry.npmjs.org/expand-template/-/expand-template-2.0.3.tgz 0ms (cache hit)
356 http cache proc-log@https://registry.npmjs.org/proc-log/-/proc-log-6.1.0.tgz 0ms (cache hit)
357 http cache abbrev@https://registry.npmjs.org/abbrev/-/abbrev-4.0.0.tgz 0ms (cache hit)
358 http cache nopt@https://registry.npmjs.org/nopt/-/nopt-9.0.0.tgz 0ms (cache hit)
359 http cache exponential-backoff@https://registry.npmjs.org/exponential-backoff/-/exponential-backoff-3.1.3.tgz 0ms (cache hit)
360 http cache undici@https://registry.npmjs.org/undici/-/undici-6.25.0.tgz 0ms (cache hit)
361 http cache detect-libc@https://registry.npmjs.org/detect-libc/-/detect-libc-2.1.2.tgz 0ms (cache hit)
362 http cache prebuild-install@https://registry.npmjs.org/prebuild-install/-/prebuild-install-7.1.3.tgz 0ms (cache hit)
363 http cache node-gyp@https://registry.npmjs.org/node-gyp/-/node-gyp-12.3.0.tgz 0ms (cache hit)
364 http cache tar@https://registry.npmjs.org/tar/-/tar-7.5.15.tgz 0ms (cache hit)
365 http cache node-addon-api@https://registry.npmjs.org/node-addon-api/-/node-addon-api-8.7.0.tgz 0ms (cache hit)
366 http cache bindings@https://registry.npmjs.org/bindings/-/bindings-1.5.0.tgz 0ms (cache hit)
367 http cache sqlite3@https://registry.npmjs.org/sqlite3/-/sqlite3-6.0.1.tgz 0ms (cache hit)
368 http cache tslib@https://registry.npmjs.org/tslib/-/tslib-2.8.1.tgz 0ms (cache hit)
369 http cache fsevents@https://registry.npmjs.org/fsevents/-/fsevents-2.3.3.tgz 0ms (cache hit)
370 http cache env-paths@https://registry.npmjs.org/env-paths/-/env-paths-2.2.1.tgz 0ms (cache hit)
371 http cache @tybys/wasm-util@https://registry.npmjs.org/@tybys/wasm-util/-/wasm-util-0.10.2.tgz 0ms (cache hit)
372 http cache @napi-rs/wasm-runtime@https://registry.npmjs.org/@napi-rs/wasm-runtime/-/wasm-runtime-0.2.12.tgz 0ms (cache hit)
373 http cache @emnapi/wasi-threads@https://registry.npmjs.org/@emnapi/wasi-threads/-/wasi-threads-1.2.1.tgz 0ms (cache hit)
374 http cache file-uri-to-path@https://registry.npmjs.org/file-uri-to-path/-/file-uri-to-path-1.0.0.tgz 0ms (cache hit)
375 http cache @emnapi/runtime@https://registry.npmjs.org/@emnapi/runtime/-/runtime-1.10.0.tgz 0ms (cache hit)
376 http cache tinyglobby@https://registry.npmjs.org/tinyglobby/-/tinyglobby-0.2.16.tgz 0ms (cache hit)
377 http cache chownr@https://registry.npmjs.org/chownr/-/chownr-1.1.4.tgz 0ms (cache hit)
378 http cache strip-json-comments@https://registry.npmjs.org/strip-json-comments/-/strip-json-comments-2.0.1.tgz 0ms (cache hit)
379 silly tarball no local data for fdir@https://registry.npmjs.org/fdir/-/fdir-6.5.0.tgz. Extracting by manifest.
380 http cache @emnapi/core@https://registry.npmjs.org/@emnapi/core/-/core-1.10.0.tgz 0ms (cache hit)
381 silly tarball no local data for string_decoder@https://registry.npmjs.org/string_decoder/-/string_decoder-1.3.0.tgz. Extracting by manifest.
382 silly tarball no local data for base64-js@https://registry.npmjs.org/base64-js/-/base64-js-1.5.1.tgz. Extracting by manifest.
383 silly tarball no local data for ieee754@https://registry.npmjs.org/ieee754/-/ieee754-1.2.1.tgz. Extracting by manifest.
384 silly tarball no local data for readable-stream@https://registry.npmjs.org/readable-stream/-/readable-stream-3.6.2.tgz. Extracting by manifest.
385 silly tarball no local data for bl@https://registry.npmjs.org/bl/-/bl-4.1.0.tgz. Extracting by manifest.
386 silly tarball no local data for buffer@https://registry.npmjs.org/buffer/-/buffer-5.7.1.tgz. Extracting by manifest.
387 silly tarball no local data for util-deprecate@https://registry.npmjs.org/util-deprecate/-/util-deprecate-1.0.2.tgz. Extracting by manifest.
388 silly tarball no local data for minizlib@https://registry.npmjs.org/minizlib/-/minizlib-3.1.0.tgz. Extracting by manifest.
389 silly tarball no local data for fs-constants@https://registry.npmjs.org/fs-constants/-/fs-constants-1.0.0.tgz. Extracting by manifest.
390 silly tarball no local data for tar-stream@https://registry.npmjs.org/tar-stream/-/tar-stream-2.2.0.tgz. Extracting by manifest.
391 silly tarball no local data for @isaacs/fs-minipass@https://registry.npmjs.org/@isaacs/fs-minipass/-/fs-minipass-4.0.1.tgz. Extracting by manifest.
392 silly tarball no local data for mimic-response@https://registry.npmjs.org/mimic-response/-/mimic-response-3.1.0.tgz. Extracting by manifest.
393 silly tarball no local data for simple-concat@https://registry.npmjs.org/simple-concat/-/simple-concat-1.0.1.tgz. Extracting by manifest.
394 silly tarball no local data for chownr@https://registry.npmjs.org/chownr/-/chownr-3.0.0.tgz. Extracting by manifest.
395 silly tarball no local data for ini@https://registry.npmjs.org/ini/-/ini-1.3.8.tgz. Extracting by manifest.
396 silly tarball no local data for decompress-response@https://registry.npmjs.org/decompress-response/-/decompress-response-6.0.0.tgz. Extracting by manifest.
397 silly tarball no local data for deep-extend@https://registry.npmjs.org/deep-extend/-/deep-extend-0.6.0.tgz. Extracting by manifest.
398 silly tarball no local data for end-of-stream@https://registry.npmjs.org/end-of-stream/-/end-of-stream-1.4.5.tgz. Extracting by manifest.
399 silly tarball no local data for tunnel-agent@https://registry.npmjs.org/tunnel-agent/-/tunnel-agent-0.6.0.tgz. Extracting by manifest.
400 http cache yallist@https://registry.npmjs.org/yallist/-/yallist-5.0.0.tgz 0ms (cache hit)
401 silly tarball no local data for simple-get@https://registry.npmjs.org/simple-get/-/simple-get-4.0.1.tgz. Extracting by manifest.
402 silly tarball no local data for pump@https://registry.npmjs.org/pump/-/pump-3.0.4.tgz. Extracting by manifest.
403 silly tarball no local data for rc@https://registry.npmjs.org/rc/-/rc-1.2.8.tgz. Extracting by manifest.
404 silly tarball no local data for node-abi@https://registry.npmjs.org/node-abi/-/node-abi-3.92.0.tgz. Extracting by manifest.
405 silly tarball no local data for napi-build-utils@https://registry.npmjs.org/napi-build-utils/-/napi-build-utils-2.0.0.tgz. Extracting by manifest.
406 silly tarball no local data for minimist@https://registry.npmjs.org/minimist/-/minimist-1.2.8.tgz. Extracting by manifest.
407 silly tarball no local data for mkdirp-classic@https://registry.npmjs.org/mkdirp-classic/-/mkdirp-classic-0.5.3.tgz. Extracting by manifest.
408 silly tarball no local data for github-from-package@https://registry.npmjs.org/github-from-package/-/github-from-package-0.0.0.tgz. Extracting by manifest.
409 silly tarball no local data for tar-fs@https://registry.npmjs.org/tar-fs/-/tar-fs-2.1.4.tgz. Extracting by manifest.
410 silly tarball no local data for expand-template@https://registry.npmjs.org/expand-template/-/expand-template-2.0.3.tgz. Extracting by manifest.
411 silly tarball no local data for proc-log@https://registry.npmjs.org/proc-log/-/proc-log-6.1.0.tgz. Extracting by manifest.
412 silly tarball no local data for abbrev@https://registry.npmjs.org/abbrev/-/abbrev-4.0.0.tgz. Extracting by manifest.
413 silly tarball no local data for nopt@https://registry.npmjs.org/nopt/-/nopt-9.0.0.tgz. Extracting by manifest.
414 silly tarball no local data for exponential-backoff@https://registry.npmjs.org/exponential-backoff/-/exponential-backoff-3.1.3.tgz. Extracting by manifest.
415 silly tarball no local data for undici@https://registry.npmjs.org/undici/-/undici-6.25.0.tgz. Extracting by manifest.
416 http cache isexe@https://registry.npmjs.org/isexe/-/isexe-4.0.0.tgz 0ms (cache hit)
417 silly tarball no local data for detect-libc@https://registry.npmjs.org/detect-libc/-/detect-libc-2.1.2.tgz. Extracting by manifest.
418 silly tarball no local data for prebuild-install@https://registry.npmjs.org/prebuild-install/-/prebuild-install-7.1.3.tgz. Extracting by manifest.
419 silly tarball no local data for node-gyp@https://registry.npmjs.org/node-gyp/-/node-gyp-12.3.0.tgz. Extracting by manifest.
420 silly tarball no local data for tar@https://registry.npmjs.org/tar/-/tar-7.5.15.tgz. Extracting by manifest.
421 silly tarball no local data for node-addon-api@https://registry.npmjs.org/node-addon-api/-/node-addon-api-8.7.0.tgz. Extracting by manifest.
422 silly tarball no local data for bindings@https://registry.npmjs.org/bindings/-/bindings-1.5.0.tgz. Extracting by manifest.
423 silly tarball no local data for sqlite3@https://registry.npmjs.org/sqlite3/-/sqlite3-6.0.1.tgz. Extracting by manifest.
424 silly tarball no local data for env-paths@https://registry.npmjs.org/env-paths/-/env-paths-2.2.1.tgz. Extracting by manifest.
425 silly tarball no local data for file-uri-to-path@https://registry.npmjs.org/file-uri-to-path/-/file-uri-to-path-1.0.0.tgz. Extracting by manifest.
426 silly tarball no local data for tinyglobby@https://registry.npmjs.org/tinyglobby/-/tinyglobby-0.2.16.tgz. Extracting by manifest.
427 silly tarball no local data for chownr@https://registry.npmjs.org/chownr/-/chownr-1.1.4.tgz. Extracting by manifest.
428 silly tarball no local data for strip-json-comments@https://registry.npmjs.org/strip-json-comments/-/strip-json-comments-2.0.1.tgz. Extracting by manifest.
429 http cache which@https://registry.npmjs.org/which/-/which-6.0.1.tgz 0ms (cache hit)
430 silly tarball no local data for yallist@https://registry.npmjs.org/yallist/-/yallist-5.0.0.tgz. Extracting by manifest.
431 silly tarball no local data for isexe@https://registry.npmjs.org/isexe/-/isexe-4.0.0.tgz. Extracting by manifest.
432 silly tarball no local data for which@https://registry.npmjs.org/which/-/which-6.0.1.tgz. Extracting by manifest.
433 http fetch GET 200 https://registry.npmjs.org/string_decoder/-/string_decoder-1.3.0.tgz 51ms (cache miss)
434 http fetch GET 200 https://registry.npmjs.org/fdir/-/fdir-6.5.0.tgz 54ms (cache miss)
435 http fetch GET 200 https://registry.npmjs.org/base64-js/-/base64-js-1.5.1.tgz 57ms (cache miss)
436 http fetch GET 200 https://registry.npmjs.org/ieee754/-/ieee754-1.2.1.tgz 57ms (cache miss)
437 http fetch GET 200 https://registry.npmjs.org/readable-stream/-/readable-stream-3.6.2.tgz 56ms (cache miss)
438 http fetch GET 200 https://registry.npmjs.org/bl/-/bl-4.1.0.tgz 61ms (cache miss)
439 http fetch GET 200 https://registry.npmjs.org/buffer/-/buffer-5.7.1.tgz 66ms (cache miss)
440 http fetch GET 200 https://registry.npmjs.org/util-deprecate/-/util-deprecate-1.0.2.tgz 71ms (cache miss)
441 http fetch GET 200 https://registry.npmjs.org/decompress-response/-/decompress-response-6.0.0.tgz 104ms (cache miss)
442 http fetch GET 200 https://registry.npmjs.org/deep-extend/-/deep-extend-0.6.0.tgz 104ms (cache miss)
443 http fetch GET 200 https://registry.npmjs.org/ini/-/ini-1.3.8.tgz 105ms (cache miss)
444 http fetch GET 200 https://registry.npmjs.org/end-of-stream/-/end-of-stream-1.4.5.tgz 105ms (cache miss)
445 http fetch GET 200 https://registry.npmjs.org/chownr/-/chownr-3.0.0.tgz 106ms (cache miss)
446 http fetch GET 200 https://registry.npmjs.org/tunnel-agent/-/tunnel-agent-0.6.0.tgz 114ms (cache miss)
447 http fetch GET 200 https://registry.npmjs.org/simple-get/-/simple-get-4.0.1.tgz 125ms (cache miss)
448 http fetch GET 200 https://registry.npmjs.org/pump/-/pump-3.0.4.tgz 136ms (cache miss)
449 http fetch GET 200 https://registry.npmjs.org/napi-build-utils/-/napi-build-utils-2.0.0.tgz 142ms (cache miss)
450 http fetch GET 200 https://registry.npmjs.org/rc/-/rc-1.2.8.tgz 145ms (cache miss)
451 http fetch GET 200 https://registry.npmjs.org/mkdirp-classic/-/mkdirp-classic-0.5.3.tgz 145ms (cache miss)
452 http fetch GET 200 https://registry.npmjs.org/simple-concat/-/simple-concat-1.0.1.tgz 152ms (cache miss)
453 http fetch GET 200 https://registry.npmjs.org/minimist/-/minimist-1.2.8.tgz 151ms (cache miss)
454 http fetch GET 200 https://registry.npmjs.org/node-abi/-/node-abi-3.92.0.tgz 153ms (cache miss)
455 http fetch GET 200 https://registry.npmjs.org/tar-stream/-/tar-stream-2.2.0.tgz 155ms (cache miss)
456 http fetch GET 200 https://registry.npmjs.org/mimic-response/-/mimic-response-3.1.0.tgz 166ms (cache miss)
457 http fetch GET 200 https://registry.npmjs.org/github-from-package/-/github-from-package-0.0.0.tgz 175ms (cache miss)
458 http fetch GET 200 https://registry.npmjs.org/fs-constants/-/fs-constants-1.0.0.tgz 176ms (cache miss)
459 http fetch GET 200 https://registry.npmjs.org/tar-fs/-/tar-fs-2.1.4.tgz 185ms (cache miss)
460 http fetch GET 200 https://registry.npmjs.org/proc-log/-/proc-log-6.1.0.tgz 189ms (cache miss)
461 http fetch GET 200 https://registry.npmjs.org/abbrev/-/abbrev-4.0.0.tgz 189ms (cache miss)
462 http fetch GET 200 https://registry.npmjs.org/nopt/-/nopt-9.0.0.tgz 190ms (cache miss)
463 http fetch GET 200 https://registry.npmjs.org/minizlib/-/minizlib-3.1.0.tgz 195ms (cache miss)
464 http fetch GET 200 https://registry.npmjs.org/exponential-backoff/-/exponential-backoff-3.1.3.tgz 194ms (cache miss)
465 http fetch GET 200 https://registry.npmjs.org/detect-libc/-/detect-libc-2.1.2.tgz 199ms (cache miss)
466 http fetch GET 200 https://registry.npmjs.org/prebuild-install/-/prebuild-install-7.1.3.tgz 203ms (cache miss)
467 warn deprecated prebuild-install@7.1.3: No longer maintained. Please contact the author of the relevant native addon; alternatives are available.
468 http fetch GET 200 https://registry.npmjs.org/expand-template/-/expand-template-2.0.3.tgz 207ms (cache miss)
469 http fetch GET 200 https://registry.npmjs.org/node-addon-api/-/node-addon-api-8.7.0.tgz 245ms (cache miss)
470 http fetch GET 200 https://registry.npmjs.org/file-uri-to-path/-/file-uri-to-path-1.0.0.tgz 249ms (cache miss)
471 http fetch GET 200 https://registry.npmjs.org/strip-json-comments/-/strip-json-comments-2.0.1.tgz 253ms (cache miss)
472 http fetch GET 200 https://registry.npmjs.org/chownr/-/chownr-1.1.4.tgz 255ms (cache miss)
473 http fetch GET 200 https://registry.npmjs.org/bindings/-/bindings-1.5.0.tgz 257ms (cache miss)
474 http fetch POST 200 https://registry.npmjs.org/-/npm/v1/security/advisories/bulk 270ms
475 silly audit report {}
476 http fetch GET 200 https://registry.npmjs.org/tinyglobby/-/tinyglobby-0.2.16.tgz 257ms (cache miss)
477 http fetch GET 200 https://registry.npmjs.org/env-paths/-/env-paths-2.2.1.tgz 259ms (cache miss)
478 http fetch GET 200 https://registry.npmjs.org/@isaacs/fs-minipass/-/fs-minipass-4.0.1.tgz 263ms (cache miss)
479 http fetch GET 200 https://registry.npmjs.org/yallist/-/yallist-5.0.0.tgz 273ms (cache miss)
480 http fetch GET 200 https://registry.npmjs.org/undici/-/undici-6.25.0.tgz 288ms (cache miss)
481 http fetch GET 200 https://registry.npmjs.org/isexe/-/isexe-4.0.0.tgz 282ms (cache miss)
482 http fetch GET 200 https://registry.npmjs.org/which/-/which-6.0.1.tgz 314ms (cache miss)
483 http fetch GET 200 https://registry.npmjs.org/node-gyp/-/node-gyp-12.3.0.tgz 368ms (cache miss)
484 http fetch GET 200 https://registry.npmjs.org/tar/-/tar-7.5.15.tgz 390ms (cache miss)
485 http fetch GET 200 https://registry.npmjs.org/sqlite3/-/sqlite3-6.0.1.tgz 615ms (cache miss)
486 info run sqlite3@6.0.1 install node_modules/sqlite3 prebuild-install -r napi || node-gyp rebuild
487 info run sqlite3@6.0.1 install { code: 0, signal: null }
488 silly ADD node_modules/fdir
489 silly ADD node_modules/util-deprecate
490 silly ADD node_modules/string_decoder
491 silly ADD node_modules/ieee754
492 silly ADD node_modules/base64-js
493 silly ADD node_modules/buffer
494 silly ADD node_modules/readable-stream
495 silly ADD node_modules/fs-constants
496 silly ADD node_modules/bl
497 silly ADD node_modules/tar-stream
498 silly ADD node_modules/minizlib
499 silly ADD node_modules/chownr
500 silly ADD node_modules/@isaacs/fs-minipass
501 silly ADD node_modules/mimic-response
502 silly ADD node_modules/simple-concat
503 silly ADD node_modules/decompress-response
504 silly ADD node_modules/ini
505 silly ADD node_modules/deep-extend
506 silly ADD node_modules/end-of-stream
507 silly ADD node_modules/tunnel-agent
508 silly ADD node_modules/tar-fs
509 silly ADD node_modules/tar-fs/node_modules/chownr
510 silly ADD node_modules/simple-get
511 silly ADD node_modules/rc
512 silly ADD node_modules/rc/node_modules/strip-json-comments
513 silly ADD node_modules/pump
514 silly ADD node_modules/node-abi
515 silly ADD node_modules/napi-build-utils
516 silly ADD node_modules/mkdirp-classic
517 silly ADD node_modules/minimist
518 silly ADD node_modules/github-from-package
519 silly ADD node_modules/expand-template
520 silly ADD node_modules/detect-libc
521 silly ADD node_modules/abbrev
522 silly ADD node_modules/undici
523 silly ADD node_modules/tinyglobby
524 silly ADD node_modules/proc-log
525 silly ADD node_modules/nopt
526 silly ADD node_modules/exponential-backoff
527 silly ADD node_modules/env-paths
528 silly ADD node_modules/file-uri-to-path
529 silly ADD node_modules/tar
530 silly ADD node_modules/tar/node_modules/yallist
531 silly ADD node_modules/prebuild-install
532 silly ADD node_modules/node-gyp
533 silly ADD node_modules/node-gyp/node_modules/isexe
534 silly ADD node_modules/node-gyp/node_modules/which
535 silly ADD node_modules/node-addon-api
536 silly ADD node_modules/bindings
537 silly ADD node_modules/sqlite3
538 silly ADD
539 silly ADD node_modules/fsevents
540 silly ADD
541 silly ADD
542 silly ADD
543 silly ADD
544 silly ADD
545 silly ADD
546 silly ADD
547 silly ADD
548 silly ADD
549 silly ADD
550 silly ADD
551 silly ADD
552 silly ADD
553 silly ADD
554 silly ADD
555 silly ADD
556 silly ADD
557 silly ADD
558 silly ADD
559 silly ADD
560 silly ADD
561 silly ADD
562 silly ADD
563 verbose cwd /Users/absaad/Desktop/todo-api
564 verbose os Darwin 24.6.0
565 verbose node v22.16.0
566 verbose npm  v10.9.2
567 verbose exit 0
568 info ok
